[     319ms] [ERROR] Failed to load resource: the server responded with a status of 404 (Not Found) @ http://localhost:5005/_next/static/css/app/layout.css?v=1778638236108:0
[     346ms] [ERROR] Failed to load resource: the server responded with a status of 404 (Not Found) @ http://localhost:5005/_next/static/chunks/main-app.js?v=1778638236108:0
[     347ms] [ERROR] Failed to load resource: the server responded with a status of 404 (Not Found) @ http://localhost:5005/_next/static/chunks/app-pages-internals.js:0
[    3381ms] [WARNING] The resource http://localhost:5005/_next/static/media/e4af272ccee01ff0-s.p.woff2 was preloaded using link preload but not used within a few seconds from the window's load event. Please make sure it has an appropriate `as` value and it is preloaded intentionally. @ http://localhost:5005/admin/hearst:0
[   12565ms] [ERROR] Failed to load resource: the server responded with a status of 404 (Not Found) @ http://localhost:5005/_next/static/css/app/layout.css?v=1778638248314:0
[   12595ms] [ERROR] Failed to load resource: the server responded with a status of 404 (Not Found) @ http://localhost:5005/_next/static/chunks/main-app.js?v=1778638248314:0
[   12599ms] [ERROR] Failed to load resource: the server responded with a status of 404 (Not Found) @ http://localhost:5005/_next/static/chunks/app-pages-internals.js:0
[   13744ms] [ERROR] Failed to load resource: the server responded with a status of 404 (Not Found) @ http://localhost:5005/_next/static/css/app/layout.css?v=1778638249571:0
[   13761ms] [ERROR] Failed to load resource: the server responded with a status of 404 (Not Found) @ http://localhost:5005/_next/static/chunks/main-app.js?v=1778638249571:0
[   13761ms] [ERROR] Failed to load resource: the server responded with a status of 404 (Not Found) @ http://localhost:5005/_next/static/chunks/app-pages-internals.js:0
[   14896ms] [ERROR] Failed to load resource: the server responded with a status of 404 (Not Found) @ http://localhost:5005/_next/static/css/app/layout.css?v=1778638250726:0
[   14915ms] [ERROR] Failed to load resource: the server responded with a status of 404 (Not Found) @ http://localhost:5005/_next/static/chunks/main-app.js?v=1778638250726:0
[   14916ms] [ERROR] Failed to load resource: the server responded with a status of 404 (Not Found) @ http://localhost:5005/_next/static/chunks/app-pages-internals.js:0
[   16909ms] [ERROR] Failed to load resource: the server responded with a status of 404 (Not Found) @ http://localhost:5005/_next/static/css/app/layout.css?v=1778638252709:0
[   16927ms] [ERROR] Failed to load resource: the server responded with a status of 404 (Not Found) @ http://localhost:5005/_next/static/chunks/main-app.js?v=1778638252709:0
[   16929ms] [ERROR] Failed to load resource: the server responded with a status of 404 (Not Found) @ http://localhost:5005/_next/static/chunks/app-pages-internals.js:0
[   18144ms] [ERROR] Failed to load resource: the server responded with a status of 404 (Not Found) @ http://localhost:5005/_next/static/css/app/layout.css?v=1778638253810:0
[   18171ms] [ERROR] Failed to load resource: the server responded with a status of 404 (Not Found) @ http://localhost:5005/_next/static/chunks/main-app.js?v=1778638253810:0
[   18171ms] [ERROR] Failed to load resource: the server responded with a status of 404 (Not Found) @ http://localhost:5005/_next/static/chunks/app-pages-internals.js:0
[   18172ms] [ERROR] Failed to load resource: the server responded with a status of 404 (Not Found) @ http://localhost:5005/_next/static/chunks/app/admin/team/page.js:0
[   19540ms] [ERROR] Failed to load resource: the server responded with a status of 404 (Not Found) @ http://localhost:5005/_next/static/css/app/layout.css?v=1778638255112:0
[   19571ms] [ERROR] Failed to load resource: the server responded with a status of 404 (Not Found) @ http://localhost:5005/_next/static/chunks/app-pages-internals.js:0
[   19572ms] [ERROR] Failed to load resource: the server responded with a status of 404 (Not Found) @ http://localhost:5005/_next/static/chunks/main-app.js?v=1778638255112:0
[   19572ms] [ERROR] Failed to load resource: the server responded with a status of 404 (Not Found) @ http://localhost:5005/_next/static/chunks/app/admin/partners/page.js:0
[   20798ms] [ERROR] Failed to load resource: the server responded with a status of 404 (Not Found) @ http://localhost:5005/_next/static/css/app/layout.css?v=1778638256529:0
[   20825ms] [ERROR] Failed to load resource: the server responded with a status of 404 (Not Found) @ http://localhost:5005/_next/static/chunks/main-app.js?v=1778638256529:0
[   20825ms] [ERROR] Failed to load resource: the server responded with a status of 404 (Not Found) @ http://localhost:5005/_next/static/chunks/app-pages-internals.js:0
[   20826ms] [ERROR] Failed to load resource: the server responded with a status of 404 (Not Found) @ http://localhost:5005/_next/static/chunks/app/admin/roadmap/page.js:0
[   24819ms] [ERROR] Failed to load resource: the server responded with a status of 404 (Not Found) @ http://localhost:5005/_next/static/css/app/layout.css?v=1778638260310:0
[   24848ms] [ERROR] Failed to load resource: the server responded with a status of 404 (Not Found) @ http://localhost:5005/_next/static/chunks/main-app.js?v=1778638260310:0
[   24848ms] [ERROR] Failed to load resource: the server responded with a status of 404 (Not Found) @ http://localhost:5005/_next/static/chunks/app-pages-internals.js:0
[   24850ms] [ERROR] Failed to load resource: the server responded with a status of 404 (Not Found) @ http://localhost:5005/_next/static/chunks/app/admin/page.js:0
[   27882ms] [WARNING] The resource http://localhost:5005/_next/static/media/e4af272ccee01ff0-s.p.woff2 was preloaded using link preload but not used within a few seconds from the window's load event. Please make sure it has an appropriate `as` value and it is preloaded intentionally. @ http://localhost:5005/admin:0
