[     221ms] [ERROR] Failed to load resource: the server responded with a status of 500 (Internal Server Error) @ http://localhost:5005/admin/hearst:0
[     310ms] [INFO] %cDownload the React DevTools for a better development experience: https://reactjs.org/link/react-devtools font-weight:bold @ webpack-internal:///(app-pages-browser)/./node_modules/next/dist/compiled/react-dom/cjs/react-dom.development.js:38559
[     330ms] ReferenceError: LS is not defined
    at eval (webpack-internal:///(app-pages-browser)/./components/hearst/ChatContainer.jsx:624:24)
    at (app-pages-browser)/./components/hearst/ChatContainer.jsx (http://localhost:5005/_next/static/chunks/app/admin/hearst/layout.js:72:1)
    at options.factory (http://localhost:5005/_next/static/chunks/webpack.js:715:31)
    at __webpack_require__ (http://localhost:5005/_next/static/chunks/webpack.js:37:33)
    at fn (http://localhost:5005/_next/static/chunks/webpack.js:371:21)
    at eval (webpack-internal:///(app-pages-browser)/./components/hearst/ChatMount.jsx:9:72)
    at (app-pages-browser)/./components/hearst/ChatMount.jsx (http://localhost:5005/_next/static/chunks/app/admin/hearst/layout.js:83:1)
    at options.factory (http://localhost:5005/_next/static/chunks/webpack.js:715:31)
    at __webpack_require__ (http://localhost:5005/_next/static/chunks/webpack.js:37:33)
    at fn (http://localhost:5005/_next/static/chunks/webpack.js:371:21)
    at eval (webpack-internal:///(app-pages-browser)/./app/admin/hearst/layout.jsx:7:86)
    at (app-pages-browser)/./app/admin/hearst/layout.jsx (http://localhost:5005/_next/static/chunks/app/admin/hearst/layout.js:50:1)
    at options.factory (http://localhost:5005/_next/static/chunks/webpack.js:715:31)
    at __webpack_require__ (http://localhost:5005/_next/static/chunks/webpack.js:37:33)
    at fn (http://localhost:5005/_next/static/chunks/webpack.js:371:21)
[     361ms] ReferenceError: LS is not defined
    at eval (webpack-internal:///(app-pages-browser)/./components/hearst/ChatContainer.jsx:624:24)
    at (app-pages-browser)/./components/hearst/ChatContainer.jsx (http://localhost:5005/_next/static/chunks/app/admin/hearst/layout.js:72:1)
    at options.factory (http://localhost:5005/_next/static/chunks/webpack.js:715:31)
    at __webpack_require__ (http://localhost:5005/_next/static/chunks/webpack.js:37:33)
    at fn (http://localhost:5005/_next/static/chunks/webpack.js:371:21)
    at eval (webpack-internal:///(app-pages-browser)/./components/hearst/ChatMount.jsx:9:72)
    at (app-pages-browser)/./components/hearst/ChatMount.jsx (http://localhost:5005/_next/static/chunks/app/admin/hearst/layout.js:83:1)
    at options.factory (http://localhost:5005/_next/static/chunks/webpack.js:715:31)
    at __webpack_require__ (http://localhost:5005/_next/static/chunks/webpack.js:37:33)
    at fn (http://localhost:5005/_next/static/chunks/webpack.js:371:21)
    at eval (webpack-internal:///(app-pages-browser)/./app/admin/hearst/layout.jsx:7:86)
    at (app-pages-browser)/./app/admin/hearst/layout.jsx (http://localhost:5005/_next/static/chunks/app/admin/hearst/layout.js:50:1)
    at options.factory (http://localhost:5005/_next/static/chunks/webpack.js:715:31)
    at __webpack_require__ (http://localhost:5005/_next/static/chunks/webpack.js:37:33)
    at fn (http://localhost:5005/_next/static/chunks/webpack.js:371:21)
    at requireModule (webpack-internal:///(app-pages-browser)/./node_modules/next/dist/compiled/react-server-dom-webpack/cjs/react-server-dom-webpack-client.browser.development.js:198:23)
    at initializeModuleChunk (webpack-internal:///(app-pages-browser)/./node_modules/next/dist/compiled/react-server-dom-webpack/cjs/react-server-dom-webpack-client.browser.development.js:1370:17)
    at readChunk (webpack-internal:///(app-pages-browser)/./node_modules/next/dist/compiled/react-server-dom-webpack/cjs/react-server-dom-webpack-client.browser.development.js:1180:7)
    at mountLazyComponent (webpack-internal:///(app-pages-browser)/./node_modules/next/dist/compiled/react-dom/cjs/react-dom.development.js:16750:19)
    at beginWork$1 (webpack-internal:///(app-pages-browser)/./node_modules/next/dist/compiled/react-dom/cjs/react-dom.development.js:18464:16)
    at beginWork (webpack-internal:///(app-pages-browser)/./node_modules/next/dist/compiled/react-dom/cjs/react-dom.development.js:26927:14)
    at performUnitOfWork (webpack-internal:///(app-pages-browser)/./node_modules/next/dist/compiled/react-dom/cjs/react-dom.development.js:25748:12)
    at workLoopSync (webpack-internal:///(app-pages-browser)/./node_modules/next/dist/compiled/react-dom/cjs/react-dom.development.js:25464:5)
    at renderRootSync (webpack-internal:///(app-pages-browser)/./node_modules/next/dist/compiled/react-dom/cjs/react-dom.development.js:25419:7)
    at performConcurrentWorkOnRoot (webpack-internal:///(app-pages-browser)/./node_modules/next/dist/compiled/react-dom/cjs/react-dom.development.js:24504:74)
    at workLoop (webpack-internal:///(app-pages-browser)/./node_modules/next/dist/compiled/scheduler/cjs/scheduler.development.js:256:34)
    at flushWork (webpack-internal:///(app-pages-browser)/./node_modules/next/dist/compiled/scheduler/cjs/scheduler.development.js:225:14)
    at MessagePort.performWorkUntilDeadline (webpack-internal:///(app-pages-browser)/./node_modules/next/dist/compiled/scheduler/cjs/scheduler.development.js:534:21)
[     362ms] ReferenceError: LS is not defined
    at eval (webpack-internal:///(app-pages-browser)/./components/hearst/ChatContainer.jsx:624:24)
    at (app-pages-browser)/./components/hearst/ChatContainer.jsx (http://localhost:5005/_next/static/chunks/app/admin/hearst/layout.js:72:1)
    at options.factory (http://localhost:5005/_next/static/chunks/webpack.js:715:31)
    at __webpack_require__ (http://localhost:5005/_next/static/chunks/webpack.js:37:33)
    at fn (http://localhost:5005/_next/static/chunks/webpack.js:371:21)
    at eval (webpack-internal:///(app-pages-browser)/./components/hearst/ChatMount.jsx:9:72)
    at (app-pages-browser)/./components/hearst/ChatMount.jsx (http://localhost:5005/_next/static/chunks/app/admin/hearst/layout.js:83:1)
    at options.factory (http://localhost:5005/_next/static/chunks/webpack.js:715:31)
    at __webpack_require__ (http://localhost:5005/_next/static/chunks/webpack.js:37:33)
    at fn (http://localhost:5005/_next/static/chunks/webpack.js:371:21)
    at eval (webpack-internal:///(app-pages-browser)/./app/admin/hearst/layout.jsx:7:86)
    at (app-pages-browser)/./app/admin/hearst/layout.jsx (http://localhost:5005/_next/static/chunks/app/admin/hearst/layout.js:50:1)
    at options.factory (http://localhost:5005/_next/static/chunks/webpack.js:715:31)
    at __webpack_require__ (http://localhost:5005/_next/static/chunks/webpack.js:37:33)
    at fn (http://localhost:5005/_next/static/chunks/webpack.js:371:21)
    at requireModule (webpack-internal:///(app-pages-browser)/./node_modules/next/dist/compiled/react-server-dom-webpack/cjs/react-server-dom-webpack-client.browser.development.js:198:23)
    at initializeModuleChunk (webpack-internal:///(app-pages-browser)/./node_modules/next/dist/compiled/react-server-dom-webpack/cjs/react-server-dom-webpack-client.browser.development.js:1370:17)
    at readChunk (webpack-internal:///(app-pages-browser)/./node_modules/next/dist/compiled/react-server-dom-webpack/cjs/react-server-dom-webpack-client.browser.development.js:1180:7)
    at mountLazyComponent (webpack-internal:///(app-pages-browser)/./node_modules/next/dist/compiled/react-dom/cjs/react-dom.development.js:16750:19)
    at beginWork$1 (webpack-internal:///(app-pages-browser)/./node_modules/next/dist/compiled/react-dom/cjs/react-dom.development.js:18464:16)
    at beginWork (webpack-internal:///(app-pages-browser)/./node_modules/next/dist/compiled/react-dom/cjs/react-dom.development.js:26927:14)
    at performUnitOfWork (webpack-internal:///(app-pages-browser)/./node_modules/next/dist/compiled/react-dom/cjs/react-dom.development.js:25748:12)
    at workLoopSync (webpack-internal:///(app-pages-browser)/./node_modules/next/dist/compiled/react-dom/cjs/react-dom.development.js:25464:5)
    at renderRootSync (webpack-internal:///(app-pages-browser)/./node_modules/next/dist/compiled/react-dom/cjs/react-dom.development.js:25419:7)
    at performConcurrentWorkOnRoot (webpack-internal:///(app-pages-browser)/./node_modules/next/dist/compiled/react-dom/cjs/react-dom.development.js:24504:74)
    at workLoop (webpack-internal:///(app-pages-browser)/./node_modules/next/dist/compiled/scheduler/cjs/scheduler.development.js:256:34)
    at flushWork (webpack-internal:///(app-pages-browser)/./node_modules/next/dist/compiled/scheduler/cjs/scheduler.development.js:225:14)
    at MessagePort.performWorkUntilDeadline (webpack-internal:///(app-pages-browser)/./node_modules/next/dist/compiled/scheduler/cjs/scheduler.development.js:534:21)
[     362ms] ReferenceError: LS is not defined
    at eval (webpack-internal:///(app-pages-browser)/./components/hearst/ChatContainer.jsx:624:24)
    at (app-pages-browser)/./components/hearst/ChatContainer.jsx (http://localhost:5005/_next/static/chunks/app/admin/hearst/layout.js:72:1)
    at options.factory (http://localhost:5005/_next/static/chunks/webpack.js:715:31)
    at __webpack_require__ (http://localhost:5005/_next/static/chunks/webpack.js:37:33)
    at fn (http://localhost:5005/_next/static/chunks/webpack.js:371:21)
    at eval (webpack-internal:///(app-pages-browser)/./components/hearst/ChatMount.jsx:9:72)
    at (app-pages-browser)/./components/hearst/ChatMount.jsx (http://localhost:5005/_next/static/chunks/app/admin/hearst/layout.js:83:1)
    at options.factory (http://localhost:5005/_next/static/chunks/webpack.js:715:31)
    at __webpack_require__ (http://localhost:5005/_next/static/chunks/webpack.js:37:33)
    at fn (http://localhost:5005/_next/static/chunks/webpack.js:371:21)
    at eval (webpack-internal:///(app-pages-browser)/./app/admin/hearst/layout.jsx:7:86)
    at (app-pages-browser)/./app/admin/hearst/layout.jsx (http://localhost:5005/_next/static/chunks/app/admin/hearst/layout.js:50:1)
    at options.factory (http://localhost:5005/_next/static/chunks/webpack.js:715:31)
    at __webpack_require__ (http://localhost:5005/_next/static/chunks/webpack.js:37:33)
    at fn (http://localhost:5005/_next/static/chunks/webpack.js:371:21)
    at requireModule (webpack-internal:///(app-pages-browser)/./node_modules/next/dist/compiled/react-server-dom-webpack/cjs/react-server-dom-webpack-client.browser.development.js:198:23)
    at initializeModuleChunk (webpack-internal:///(app-pages-browser)/./node_modules/next/dist/compiled/react-server-dom-webpack/cjs/react-server-dom-webpack-client.browser.development.js:1370:17)
    at readChunk (webpack-internal:///(app-pages-browser)/./node_modules/next/dist/compiled/react-server-dom-webpack/cjs/react-server-dom-webpack-client.browser.development.js:1180:7)
    at mountLazyComponent (webpack-internal:///(app-pages-browser)/./node_modules/next/dist/compiled/react-dom/cjs/react-dom.development.js:16750:19)
    at beginWork$1 (webpack-internal:///(app-pages-browser)/./node_modules/next/dist/compiled/react-dom/cjs/react-dom.development.js:18464:16)
    at beginWork (webpack-internal:///(app-pages-browser)/./node_modules/next/dist/compiled/react-dom/cjs/react-dom.development.js:26927:14)
    at performUnitOfWork (webpack-internal:///(app-pages-browser)/./node_modules/next/dist/compiled/react-dom/cjs/react-dom.development.js:25748:12)
    at workLoopSync (webpack-internal:///(app-pages-browser)/./node_modules/next/dist/compiled/react-dom/cjs/react-dom.development.js:25464:5)
    at renderRootSync (webpack-internal:///(app-pages-browser)/./node_modules/next/dist/compiled/react-dom/cjs/react-dom.development.js:25419:7)
    at performConcurrentWorkOnRoot (webpack-internal:///(app-pages-browser)/./node_modules/next/dist/compiled/react-dom/cjs/react-dom.development.js:24504:74)
    at workLoop (webpack-internal:///(app-pages-browser)/./node_modules/next/dist/compiled/scheduler/cjs/scheduler.development.js:256:34)
    at flushWork (webpack-internal:///(app-pages-browser)/./node_modules/next/dist/compiled/scheduler/cjs/scheduler.development.js:225:14)
    at MessagePort.performWorkUntilDeadline (webpack-internal:///(app-pages-browser)/./node_modules/next/dist/compiled/scheduler/cjs/scheduler.development.js:534:21)
[     363ms] ReferenceError: LS is not defined
    at eval (webpack-internal:///(app-pages-browser)/./components/hearst/ChatContainer.jsx:624:24)
    at (app-pages-browser)/./components/hearst/ChatContainer.jsx (http://localhost:5005/_next/static/chunks/app/admin/hearst/layout.js:72:1)
    at options.factory (http://localhost:5005/_next/static/chunks/webpack.js:715:31)
    at __webpack_require__ (http://localhost:5005/_next/static/chunks/webpack.js:37:33)
    at fn (http://localhost:5005/_next/static/chunks/webpack.js:371:21)
    at eval (webpack-internal:///(app-pages-browser)/./components/hearst/ChatMount.jsx:9:72)
    at (app-pages-browser)/./components/hearst/ChatMount.jsx (http://localhost:5005/_next/static/chunks/app/admin/hearst/layout.js:83:1)
    at options.factory (http://localhost:5005/_next/static/chunks/webpack.js:715:31)
    at __webpack_require__ (http://localhost:5005/_next/static/chunks/webpack.js:37:33)
    at fn (http://localhost:5005/_next/static/chunks/webpack.js:371:21)
    at eval (webpack-internal:///(app-pages-browser)/./app/admin/hearst/layout.jsx:7:86)
    at (app-pages-browser)/./app/admin/hearst/layout.jsx (http://localhost:5005/_next/static/chunks/app/admin/hearst/layout.js:50:1)
    at options.factory (http://localhost:5005/_next/static/chunks/webpack.js:715:31)
    at __webpack_require__ (http://localhost:5005/_next/static/chunks/webpack.js:37:33)
    at fn (http://localhost:5005/_next/static/chunks/webpack.js:371:21)
    at requireModule (webpack-internal:///(app-pages-browser)/./node_modules/next/dist/compiled/react-server-dom-webpack/cjs/react-server-dom-webpack-client.browser.development.js:198:23)
    at initializeModuleChunk (webpack-internal:///(app-pages-browser)/./node_modules/next/dist/compiled/react-server-dom-webpack/cjs/react-server-dom-webpack-client.browser.development.js:1370:17)
    at readChunk (webpack-internal:///(app-pages-browser)/./node_modules/next/dist/compiled/react-server-dom-webpack/cjs/react-server-dom-webpack-client.browser.development.js:1180:7)
    at mountLazyComponent (webpack-internal:///(app-pages-browser)/./node_modules/next/dist/compiled/react-dom/cjs/react-dom.development.js:16750:19)
    at beginWork$1 (webpack-internal:///(app-pages-browser)/./node_modules/next/dist/compiled/react-dom/cjs/react-dom.development.js:18464:16)
    at beginWork (webpack-internal:///(app-pages-browser)/./node_modules/next/dist/compiled/react-dom/cjs/react-dom.development.js:26927:14)
    at performUnitOfWork (webpack-internal:///(app-pages-browser)/./node_modules/next/dist/compiled/react-dom/cjs/react-dom.development.js:25748:12)
    at workLoopSync (webpack-internal:///(app-pages-browser)/./node_modules/next/dist/compiled/react-dom/cjs/react-dom.development.js:25464:5)
    at renderRootSync (webpack-internal:///(app-pages-browser)/./node_modules/next/dist/compiled/react-dom/cjs/react-dom.development.js:25419:7)
    at performConcurrentWorkOnRoot (webpack-internal:///(app-pages-browser)/./node_modules/next/dist/compiled/react-dom/cjs/react-dom.development.js:24504:74)
    at workLoop (webpack-internal:///(app-pages-browser)/./node_modules/next/dist/compiled/scheduler/cjs/scheduler.development.js:256:34)
    at flushWork (webpack-internal:///(app-pages-browser)/./node_modules/next/dist/compiled/scheduler/cjs/scheduler.development.js:225:14)
    at MessagePort.performWorkUntilDeadline (webpack-internal:///(app-pages-browser)/./node_modules/next/dist/compiled/scheduler/cjs/scheduler.development.js:534:21)
[     363ms] ReferenceError: LS is not defined
    at eval (webpack-internal:///(app-pages-browser)/./components/hearst/ChatContainer.jsx:624:24)
    at (app-pages-browser)/./components/hearst/ChatContainer.jsx (http://localhost:5005/_next/static/chunks/app/admin/hearst/layout.js:72:1)
    at options.factory (http://localhost:5005/_next/static/chunks/webpack.js:715:31)
    at __webpack_require__ (http://localhost:5005/_next/static/chunks/webpack.js:37:33)
    at fn (http://localhost:5005/_next/static/chunks/webpack.js:371:21)
    at eval (webpack-internal:///(app-pages-browser)/./components/hearst/ChatMount.jsx:9:72)
    at (app-pages-browser)/./components/hearst/ChatMount.jsx (http://localhost:5005/_next/static/chunks/app/admin/hearst/layout.js:83:1)
    at options.factory (http://localhost:5005/_next/static/chunks/webpack.js:715:31)
    at __webpack_require__ (http://localhost:5005/_next/static/chunks/webpack.js:37:33)
    at fn (http://localhost:5005/_next/static/chunks/webpack.js:371:21)
    at eval (webpack-internal:///(app-pages-browser)/./app/admin/hearst/layout.jsx:7:86)
    at (app-pages-browser)/./app/admin/hearst/layout.jsx (http://localhost:5005/_next/static/chunks/app/admin/hearst/layout.js:50:1)
    at options.factory (http://localhost:5005/_next/static/chunks/webpack.js:715:31)
    at __webpack_require__ (http://localhost:5005/_next/static/chunks/webpack.js:37:33)
    at fn (http://localhost:5005/_next/static/chunks/webpack.js:371:21)
    at requireModule (webpack-internal:///(app-pages-browser)/./node_modules/next/dist/compiled/react-server-dom-webpack/cjs/react-server-dom-webpack-client.browser.development.js:198:23)
    at initializeModuleChunk (webpack-internal:///(app-pages-browser)/./node_modules/next/dist/compiled/react-server-dom-webpack/cjs/react-server-dom-webpack-client.browser.development.js:1370:17)
    at readChunk (webpack-internal:///(app-pages-browser)/./node_modules/next/dist/compiled/react-server-dom-webpack/cjs/react-server-dom-webpack-client.browser.development.js:1180:7)
    at mountLazyComponent (webpack-internal:///(app-pages-browser)/./node_modules/next/dist/compiled/react-dom/cjs/react-dom.development.js:16750:19)
    at beginWork$1 (webpack-internal:///(app-pages-browser)/./node_modules/next/dist/compiled/react-dom/cjs/react-dom.development.js:18464:16)
    at beginWork (webpack-internal:///(app-pages-browser)/./node_modules/next/dist/compiled/react-dom/cjs/react-dom.development.js:26927:14)
    at performUnitOfWork (webpack-internal:///(app-pages-browser)/./node_modules/next/dist/compiled/react-dom/cjs/react-dom.development.js:25748:12)
    at workLoopSync (webpack-internal:///(app-pages-browser)/./node_modules/next/dist/compiled/react-dom/cjs/react-dom.development.js:25464:5)
    at renderRootSync (webpack-internal:///(app-pages-browser)/./node_modules/next/dist/compiled/react-dom/cjs/react-dom.development.js:25419:7)
    at performConcurrentWorkOnRoot (webpack-internal:///(app-pages-browser)/./node_modules/next/dist/compiled/react-dom/cjs/react-dom.development.js:24504:74)
    at workLoop (webpack-internal:///(app-pages-browser)/./node_modules/next/dist/compiled/scheduler/cjs/scheduler.development.js:256:34)
    at flushWork (webpack-internal:///(app-pages-browser)/./node_modules/next/dist/compiled/scheduler/cjs/scheduler.development.js:225:14)
    at MessagePort.performWorkUntilDeadline (webpack-internal:///(app-pages-browser)/./node_modules/next/dist/compiled/scheduler/cjs/scheduler.development.js:534:21)
[     363ms] ReferenceError: LS is not defined
    at eval (webpack-internal:///(app-pages-browser)/./components/hearst/ChatContainer.jsx:624:24)
    at (app-pages-browser)/./components/hearst/ChatContainer.jsx (http://localhost:5005/_next/static/chunks/app/admin/hearst/layout.js:72:1)
    at options.factory (http://localhost:5005/_next/static/chunks/webpack.js:715:31)
    at __webpack_require__ (http://localhost:5005/_next/static/chunks/webpack.js:37:33)
    at fn (http://localhost:5005/_next/static/chunks/webpack.js:371:21)
    at eval (webpack-internal:///(app-pages-browser)/./components/hearst/ChatMount.jsx:9:72)
    at (app-pages-browser)/./components/hearst/ChatMount.jsx (http://localhost:5005/_next/static/chunks/app/admin/hearst/layout.js:83:1)
    at options.factory (http://localhost:5005/_next/static/chunks/webpack.js:715:31)
    at __webpack_require__ (http://localhost:5005/_next/static/chunks/webpack.js:37:33)
    at fn (http://localhost:5005/_next/static/chunks/webpack.js:371:21)
    at eval (webpack-internal:///(app-pages-browser)/./app/admin/hearst/layout.jsx:7:86)
    at (app-pages-browser)/./app/admin/hearst/layout.jsx (http://localhost:5005/_next/static/chunks/app/admin/hearst/layout.js:50:1)
    at options.factory (http://localhost:5005/_next/static/chunks/webpack.js:715:31)
    at __webpack_require__ (http://localhost:5005/_next/static/chunks/webpack.js:37:33)
    at fn (http://localhost:5005/_next/static/chunks/webpack.js:371:21)
    at requireModule (webpack-internal:///(app-pages-browser)/./node_modules/next/dist/compiled/react-server-dom-webpack/cjs/react-server-dom-webpack-client.browser.development.js:198:23)
    at initializeModuleChunk (webpack-internal:///(app-pages-browser)/./node_modules/next/dist/compiled/react-server-dom-webpack/cjs/react-server-dom-webpack-client.browser.development.js:1370:17)
    at readChunk (webpack-internal:///(app-pages-browser)/./node_modules/next/dist/compiled/react-server-dom-webpack/cjs/react-server-dom-webpack-client.browser.development.js:1180:7)
    at mountLazyComponent (webpack-internal:///(app-pages-browser)/./node_modules/next/dist/compiled/react-dom/cjs/react-dom.development.js:16750:19)
    at beginWork$1 (webpack-internal:///(app-pages-browser)/./node_modules/next/dist/compiled/react-dom/cjs/react-dom.development.js:18464:16)
    at beginWork (webpack-internal:///(app-pages-browser)/./node_modules/next/dist/compiled/react-dom/cjs/react-dom.development.js:26927:14)
    at performUnitOfWork (webpack-internal:///(app-pages-browser)/./node_modules/next/dist/compiled/react-dom/cjs/react-dom.development.js:25748:12)
    at workLoopSync (webpack-internal:///(app-pages-browser)/./node_modules/next/dist/compiled/react-dom/cjs/react-dom.development.js:25464:5)
    at renderRootSync (webpack-internal:///(app-pages-browser)/./node_modules/next/dist/compiled/react-dom/cjs/react-dom.development.js:25419:7)
    at performConcurrentWorkOnRoot (webpack-internal:///(app-pages-browser)/./node_modules/next/dist/compiled/react-dom/cjs/react-dom.development.js:24504:74)
    at workLoop (webpack-internal:///(app-pages-browser)/./node_modules/next/dist/compiled/scheduler/cjs/scheduler.development.js:256:34)
    at flushWork (webpack-internal:///(app-pages-browser)/./node_modules/next/dist/compiled/scheduler/cjs/scheduler.development.js:225:14)
    at MessagePort.performWorkUntilDeadline (webpack-internal:///(app-pages-browser)/./node_modules/next/dist/compiled/scheduler/cjs/scheduler.development.js:534:21)
[     366ms] ReferenceError: LS is not defined
    at eval (webpack-internal:///(app-pages-browser)/./components/hearst/ChatContainer.jsx:624:24)
    at (app-pages-browser)/./components/hearst/ChatContainer.jsx (http://localhost:5005/_next/static/chunks/app/admin/hearst/layout.js:72:1)
    at options.factory (http://localhost:5005/_next/static/chunks/webpack.js:715:31)
    at __webpack_require__ (http://localhost:5005/_next/static/chunks/webpack.js:37:33)
    at fn (http://localhost:5005/_next/static/chunks/webpack.js:371:21)
    at eval (webpack-internal:///(app-pages-browser)/./components/hearst/ChatMount.jsx:9:72)
    at (app-pages-browser)/./components/hearst/ChatMount.jsx (http://localhost:5005/_next/static/chunks/app/admin/hearst/layout.js:83:1)
    at options.factory (http://localhost:5005/_next/static/chunks/webpack.js:715:31)
    at __webpack_require__ (http://localhost:5005/_next/static/chunks/webpack.js:37:33)
    at fn (http://localhost:5005/_next/static/chunks/webpack.js:371:21)
    at eval (webpack-internal:///(app-pages-browser)/./app/admin/hearst/layout.jsx:7:86)
    at (app-pages-browser)/./app/admin/hearst/layout.jsx (http://localhost:5005/_next/static/chunks/app/admin/hearst/layout.js:50:1)
    at options.factory (http://localhost:5005/_next/static/chunks/webpack.js:715:31)
    at __webpack_require__ (http://localhost:5005/_next/static/chunks/webpack.js:37:33)
    at fn (http://localhost:5005/_next/static/chunks/webpack.js:371:21)
    at requireModule (webpack-internal:///(app-pages-browser)/./node_modules/next/dist/compiled/react-server-dom-webpack/cjs/react-server-dom-webpack-client.browser.development.js:198:23)
    at initializeModuleChunk (webpack-internal:///(app-pages-browser)/./node_modules/next/dist/compiled/react-server-dom-webpack/cjs/react-server-dom-webpack-client.browser.development.js:1370:17)
    at readChunk (webpack-internal:///(app-pages-browser)/./node_modules/next/dist/compiled/react-server-dom-webpack/cjs/react-server-dom-webpack-client.browser.development.js:1180:7)
    at mountLazyComponent (webpack-internal:///(app-pages-browser)/./node_modules/next/dist/compiled/react-dom/cjs/react-dom.development.js:16750:19)
    at beginWork$1 (webpack-internal:///(app-pages-browser)/./node_modules/next/dist/compiled/react-dom/cjs/react-dom.development.js:18464:16)
    at beginWork (webpack-internal:///(app-pages-browser)/./node_modules/next/dist/compiled/react-dom/cjs/react-dom.development.js:26927:14)
    at performUnitOfWork (webpack-internal:///(app-pages-browser)/./node_modules/next/dist/compiled/react-dom/cjs/react-dom.development.js:25748:12)
    at workLoopSync (webpack-internal:///(app-pages-browser)/./node_modules/next/dist/compiled/react-dom/cjs/react-dom.development.js:25464:5)
    at renderRootSync (webpack-internal:///(app-pages-browser)/./node_modules/next/dist/compiled/react-dom/cjs/react-dom.development.js:25419:7)
    at performConcurrentWorkOnRoot (webpack-internal:///(app-pages-browser)/./node_modules/next/dist/compiled/react-dom/cjs/react-dom.development.js:24504:74)
    at workLoop (webpack-internal:///(app-pages-browser)/./node_modules/next/dist/compiled/scheduler/cjs/scheduler.development.js:256:34)
    at flushWork (webpack-internal:///(app-pages-browser)/./node_modules/next/dist/compiled/scheduler/cjs/scheduler.development.js:225:14)
    at MessagePort.performWorkUntilDeadline (webpack-internal:///(app-pages-browser)/./node_modules/next/dist/compiled/scheduler/cjs/scheduler.development.js:534:21)
[     366ms] ReferenceError: LS is not defined
    at eval (webpack-internal:///(app-pages-browser)/./components/hearst/ChatContainer.jsx:624:24)
    at (app-pages-browser)/./components/hearst/ChatContainer.jsx (http://localhost:5005/_next/static/chunks/app/admin/hearst/layout.js:72:1)
    at options.factory (http://localhost:5005/_next/static/chunks/webpack.js:715:31)
    at __webpack_require__ (http://localhost:5005/_next/static/chunks/webpack.js:37:33)
    at fn (http://localhost:5005/_next/static/chunks/webpack.js:371:21)
    at eval (webpack-internal:///(app-pages-browser)/./components/hearst/ChatMount.jsx:9:72)
    at (app-pages-browser)/./components/hearst/ChatMount.jsx (http://localhost:5005/_next/static/chunks/app/admin/hearst/layout.js:83:1)
    at options.factory (http://localhost:5005/_next/static/chunks/webpack.js:715:31)
    at __webpack_require__ (http://localhost:5005/_next/static/chunks/webpack.js:37:33)
    at fn (http://localhost:5005/_next/static/chunks/webpack.js:371:21)
    at eval (webpack-internal:///(app-pages-browser)/./app/admin/hearst/layout.jsx:7:86)
    at (app-pages-browser)/./app/admin/hearst/layout.jsx (http://localhost:5005/_next/static/chunks/app/admin/hearst/layout.js:50:1)
    at options.factory (http://localhost:5005/_next/static/chunks/webpack.js:715:31)
    at __webpack_require__ (http://localhost:5005/_next/static/chunks/webpack.js:37:33)
    at fn (http://localhost:5005/_next/static/chunks/webpack.js:371:21)
    at requireModule (webpack-internal:///(app-pages-browser)/./node_modules/next/dist/compiled/react-server-dom-webpack/cjs/react-server-dom-webpack-client.browser.development.js:198:23)
    at initializeModuleChunk (webpack-internal:///(app-pages-browser)/./node_modules/next/dist/compiled/react-server-dom-webpack/cjs/react-server-dom-webpack-client.browser.development.js:1370:17)
    at readChunk (webpack-internal:///(app-pages-browser)/./node_modules/next/dist/compiled/react-server-dom-webpack/cjs/react-server-dom-webpack-client.browser.development.js:1180:7)
    at mountLazyComponent (webpack-internal:///(app-pages-browser)/./node_modules/next/dist/compiled/react-dom/cjs/react-dom.development.js:16750:19)
    at beginWork$1 (webpack-internal:///(app-pages-browser)/./node_modules/next/dist/compiled/react-dom/cjs/react-dom.development.js:18464:16)
    at beginWork (webpack-internal:///(app-pages-browser)/./node_modules/next/dist/compiled/react-dom/cjs/react-dom.development.js:26927:14)
    at performUnitOfWork (webpack-internal:///(app-pages-browser)/./node_modules/next/dist/compiled/react-dom/cjs/react-dom.development.js:25748:12)
    at workLoopSync (webpack-internal:///(app-pages-browser)/./node_modules/next/dist/compiled/react-dom/cjs/react-dom.development.js:25464:5)
    at renderRootSync (webpack-internal:///(app-pages-browser)/./node_modules/next/dist/compiled/react-dom/cjs/react-dom.development.js:25419:7)
    at performConcurrentWorkOnRoot (webpack-internal:///(app-pages-browser)/./node_modules/next/dist/compiled/react-dom/cjs/react-dom.development.js:24504:74)
    at workLoop (webpack-internal:///(app-pages-browser)/./node_modules/next/dist/compiled/scheduler/cjs/scheduler.development.js:256:34)
    at flushWork (webpack-internal:///(app-pages-browser)/./node_modules/next/dist/compiled/scheduler/cjs/scheduler.development.js:225:14)
    at MessagePort.performWorkUntilDeadline (webpack-internal:///(app-pages-browser)/./node_modules/next/dist/compiled/scheduler/cjs/scheduler.development.js:534:21)
[     366ms] ReferenceError: LS is not defined
    at eval (webpack-internal:///(app-pages-browser)/./components/hearst/ChatContainer.jsx:624:24)
    at (app-pages-browser)/./components/hearst/ChatContainer.jsx (http://localhost:5005/_next/static/chunks/app/admin/hearst/layout.js:72:1)
    at options.factory (http://localhost:5005/_next/static/chunks/webpack.js:715:31)
    at __webpack_require__ (http://localhost:5005/_next/static/chunks/webpack.js:37:33)
    at fn (http://localhost:5005/_next/static/chunks/webpack.js:371:21)
    at eval (webpack-internal:///(app-pages-browser)/./components/hearst/ChatMount.jsx:9:72)
    at (app-pages-browser)/./components/hearst/ChatMount.jsx (http://localhost:5005/_next/static/chunks/app/admin/hearst/layout.js:83:1)
    at options.factory (http://localhost:5005/_next/static/chunks/webpack.js:715:31)
    at __webpack_require__ (http://localhost:5005/_next/static/chunks/webpack.js:37:33)
    at fn (http://localhost:5005/_next/static/chunks/webpack.js:371:21)
    at eval (webpack-internal:///(app-pages-browser)/./app/admin/hearst/layout.jsx:7:86)
    at (app-pages-browser)/./app/admin/hearst/layout.jsx (http://localhost:5005/_next/static/chunks/app/admin/hearst/layout.js:50:1)
    at options.factory (http://localhost:5005/_next/static/chunks/webpack.js:715:31)
    at __webpack_require__ (http://localhost:5005/_next/static/chunks/webpack.js:37:33)
    at fn (http://localhost:5005/_next/static/chunks/webpack.js:371:21)
    at requireModule (webpack-internal:///(app-pages-browser)/./node_modules/next/dist/compiled/react-server-dom-webpack/cjs/react-server-dom-webpack-client.browser.development.js:198:23)
    at initializeModuleChunk (webpack-internal:///(app-pages-browser)/./node_modules/next/dist/compiled/react-server-dom-webpack/cjs/react-server-dom-webpack-client.browser.development.js:1370:17)
    at readChunk (webpack-internal:///(app-pages-browser)/./node_modules/next/dist/compiled/react-server-dom-webpack/cjs/react-server-dom-webpack-client.browser.development.js:1180:7)
    at mountLazyComponent (webpack-internal:///(app-pages-browser)/./node_modules/next/dist/compiled/react-dom/cjs/react-dom.development.js:16750:19)
    at beginWork$1 (webpack-internal:///(app-pages-browser)/./node_modules/next/dist/compiled/react-dom/cjs/react-dom.development.js:18464:16)
    at beginWork (webpack-internal:///(app-pages-browser)/./node_modules/next/dist/compiled/react-dom/cjs/react-dom.development.js:26927:14)
    at performUnitOfWork (webpack-internal:///(app-pages-browser)/./node_modules/next/dist/compiled/react-dom/cjs/react-dom.development.js:25748:12)
    at workLoopSync (webpack-internal:///(app-pages-browser)/./node_modules/next/dist/compiled/react-dom/cjs/react-dom.development.js:25464:5)
    at renderRootSync (webpack-internal:///(app-pages-browser)/./node_modules/next/dist/compiled/react-dom/cjs/react-dom.development.js:25419:7)
    at performConcurrentWorkOnRoot (webpack-internal:///(app-pages-browser)/./node_modules/next/dist/compiled/react-dom/cjs/react-dom.development.js:24504:74)
    at workLoop (webpack-internal:///(app-pages-browser)/./node_modules/next/dist/compiled/scheduler/cjs/scheduler.development.js:256:34)
    at flushWork (webpack-internal:///(app-pages-browser)/./node_modules/next/dist/compiled/scheduler/cjs/scheduler.development.js:225:14)
    at MessagePort.performWorkUntilDeadline (webpack-internal:///(app-pages-browser)/./node_modules/next/dist/compiled/scheduler/cjs/scheduler.development.js:534:21)
[     366ms] ReferenceError: LS is not defined
    at eval (webpack-internal:///(app-pages-browser)/./components/hearst/ChatContainer.jsx:624:24)
    at (app-pages-browser)/./components/hearst/ChatContainer.jsx (http://localhost:5005/_next/static/chunks/app/admin/hearst/layout.js:72:1)
    at options.factory (http://localhost:5005/_next/static/chunks/webpack.js:715:31)
    at __webpack_require__ (http://localhost:5005/_next/static/chunks/webpack.js:37:33)
    at fn (http://localhost:5005/_next/static/chunks/webpack.js:371:21)
    at eval (webpack-internal:///(app-pages-browser)/./components/hearst/ChatMount.jsx:9:72)
    at (app-pages-browser)/./components/hearst/ChatMount.jsx (http://localhost:5005/_next/static/chunks/app/admin/hearst/layout.js:83:1)
    at options.factory (http://localhost:5005/_next/static/chunks/webpack.js:715:31)
    at __webpack_require__ (http://localhost:5005/_next/static/chunks/webpack.js:37:33)
    at fn (http://localhost:5005/_next/static/chunks/webpack.js:371:21)
    at eval (webpack-internal:///(app-pages-browser)/./app/admin/hearst/layout.jsx:7:86)
    at (app-pages-browser)/./app/admin/hearst/layout.jsx (http://localhost:5005/_next/static/chunks/app/admin/hearst/layout.js:50:1)
    at options.factory (http://localhost:5005/_next/static/chunks/webpack.js:715:31)
    at __webpack_require__ (http://localhost:5005/_next/static/chunks/webpack.js:37:33)
    at fn (http://localhost:5005/_next/static/chunks/webpack.js:371:21)
    at requireModule (webpack-internal:///(app-pages-browser)/./node_modules/next/dist/compiled/react-server-dom-webpack/cjs/react-server-dom-webpack-client.browser.development.js:198:23)
    at initializeModuleChunk (webpack-internal:///(app-pages-browser)/./node_modules/next/dist/compiled/react-server-dom-webpack/cjs/react-server-dom-webpack-client.browser.development.js:1370:17)
    at readChunk (webpack-internal:///(app-pages-browser)/./node_modules/next/dist/compiled/react-server-dom-webpack/cjs/react-server-dom-webpack-client.browser.development.js:1180:7)
    at mountLazyComponent (webpack-internal:///(app-pages-browser)/./node_modules/next/dist/compiled/react-dom/cjs/react-dom.development.js:16750:19)
    at beginWork$1 (webpack-internal:///(app-pages-browser)/./node_modules/next/dist/compiled/react-dom/cjs/react-dom.development.js:18464:16)
    at beginWork (webpack-internal:///(app-pages-browser)/./node_modules/next/dist/compiled/react-dom/cjs/react-dom.development.js:26927:14)
    at performUnitOfWork (webpack-internal:///(app-pages-browser)/./node_modules/next/dist/compiled/react-dom/cjs/react-dom.development.js:25748:12)
    at workLoopSync (webpack-internal:///(app-pages-browser)/./node_modules/next/dist/compiled/react-dom/cjs/react-dom.development.js:25464:5)
    at renderRootSync (webpack-internal:///(app-pages-browser)/./node_modules/next/dist/compiled/react-dom/cjs/react-dom.development.js:25419:7)
    at performConcurrentWorkOnRoot (webpack-internal:///(app-pages-browser)/./node_modules/next/dist/compiled/react-dom/cjs/react-dom.development.js:24504:74)
    at workLoop (webpack-internal:///(app-pages-browser)/./node_modules/next/dist/compiled/scheduler/cjs/scheduler.development.js:256:34)
    at flushWork (webpack-internal:///(app-pages-browser)/./node_modules/next/dist/compiled/scheduler/cjs/scheduler.development.js:225:14)
    at MessagePort.performWorkUntilDeadline (webpack-internal:///(app-pages-browser)/./node_modules/next/dist/compiled/scheduler/cjs/scheduler.development.js:534:21)
[     366ms] ReferenceError: LS is not defined
    at eval (webpack-internal:///(app-pages-browser)/./components/hearst/ChatContainer.jsx:624:24)
    at (app-pages-browser)/./components/hearst/ChatContainer.jsx (http://localhost:5005/_next/static/chunks/app/admin/hearst/layout.js:72:1)
    at options.factory (http://localhost:5005/_next/static/chunks/webpack.js:715:31)
    at __webpack_require__ (http://localhost:5005/_next/static/chunks/webpack.js:37:33)
    at fn (http://localhost:5005/_next/static/chunks/webpack.js:371:21)
    at eval (webpack-internal:///(app-pages-browser)/./components/hearst/ChatMount.jsx:9:72)
    at (app-pages-browser)/./components/hearst/ChatMount.jsx (http://localhost:5005/_next/static/chunks/app/admin/hearst/layout.js:83:1)
    at options.factory (http://localhost:5005/_next/static/chunks/webpack.js:715:31)
    at __webpack_require__ (http://localhost:5005/_next/static/chunks/webpack.js:37:33)
    at fn (http://localhost:5005/_next/static/chunks/webpack.js:371:21)
    at eval (webpack-internal:///(app-pages-browser)/./app/admin/hearst/layout.jsx:7:86)
    at (app-pages-browser)/./app/admin/hearst/layout.jsx (http://localhost:5005/_next/static/chunks/app/admin/hearst/layout.js:50:1)
    at options.factory (http://localhost:5005/_next/static/chunks/webpack.js:715:31)
    at __webpack_require__ (http://localhost:5005/_next/static/chunks/webpack.js:37:33)
    at fn (http://localhost:5005/_next/static/chunks/webpack.js:371:21)
    at requireModule (webpack-internal:///(app-pages-browser)/./node_modules/next/dist/compiled/react-server-dom-webpack/cjs/react-server-dom-webpack-client.browser.development.js:198:23)
    at initializeModuleChunk (webpack-internal:///(app-pages-browser)/./node_modules/next/dist/compiled/react-server-dom-webpack/cjs/react-server-dom-webpack-client.browser.development.js:1370:17)
    at readChunk (webpack-internal:///(app-pages-browser)/./node_modules/next/dist/compiled/react-server-dom-webpack/cjs/react-server-dom-webpack-client.browser.development.js:1180:7)
    at mountLazyComponent (webpack-internal:///(app-pages-browser)/./node_modules/next/dist/compiled/react-dom/cjs/react-dom.development.js:16750:19)
    at beginWork$1 (webpack-internal:///(app-pages-browser)/./node_modules/next/dist/compiled/react-dom/cjs/react-dom.development.js:18464:16)
    at beginWork (webpack-internal:///(app-pages-browser)/./node_modules/next/dist/compiled/react-dom/cjs/react-dom.development.js:26927:14)
    at performUnitOfWork (webpack-internal:///(app-pages-browser)/./node_modules/next/dist/compiled/react-dom/cjs/react-dom.development.js:25748:12)
    at workLoopSync (webpack-internal:///(app-pages-browser)/./node_modules/next/dist/compiled/react-dom/cjs/react-dom.development.js:25464:5)
    at renderRootSync (webpack-internal:///(app-pages-browser)/./node_modules/next/dist/compiled/react-dom/cjs/react-dom.development.js:25419:7)
    at performConcurrentWorkOnRoot (webpack-internal:///(app-pages-browser)/./node_modules/next/dist/compiled/react-dom/cjs/react-dom.development.js:24504:74)
    at workLoop (webpack-internal:///(app-pages-browser)/./node_modules/next/dist/compiled/scheduler/cjs/scheduler.development.js:256:34)
    at flushWork (webpack-internal:///(app-pages-browser)/./node_modules/next/dist/compiled/scheduler/cjs/scheduler.development.js:225:14)
    at MessagePort.performWorkUntilDeadline (webpack-internal:///(app-pages-browser)/./node_modules/next/dist/compiled/scheduler/cjs/scheduler.development.js:534:21)
[     366ms] ReferenceError: LS is not defined
    at eval (webpack-internal:///(app-pages-browser)/./components/hearst/ChatContainer.jsx:624:24)
    at (app-pages-browser)/./components/hearst/ChatContainer.jsx (http://localhost:5005/_next/static/chunks/app/admin/hearst/layout.js:72:1)
    at options.factory (http://localhost:5005/_next/static/chunks/webpack.js:715:31)
    at __webpack_require__ (http://localhost:5005/_next/static/chunks/webpack.js:37:33)
    at fn (http://localhost:5005/_next/static/chunks/webpack.js:371:21)
    at eval (webpack-internal:///(app-pages-browser)/./components/hearst/ChatMount.jsx:9:72)
    at (app-pages-browser)/./components/hearst/ChatMount.jsx (http://localhost:5005/_next/static/chunks/app/admin/hearst/layout.js:83:1)
    at options.factory (http://localhost:5005/_next/static/chunks/webpack.js:715:31)
    at __webpack_require__ (http://localhost:5005/_next/static/chunks/webpack.js:37:33)
    at fn (http://localhost:5005/_next/static/chunks/webpack.js:371:21)
    at eval (webpack-internal:///(app-pages-browser)/./app/admin/hearst/layout.jsx:7:86)
    at (app-pages-browser)/./app/admin/hearst/layout.jsx (http://localhost:5005/_next/static/chunks/app/admin/hearst/layout.js:50:1)
    at options.factory (http://localhost:5005/_next/static/chunks/webpack.js:715:31)
    at __webpack_require__ (http://localhost:5005/_next/static/chunks/webpack.js:37:33)
    at fn (http://localhost:5005/_next/static/chunks/webpack.js:371:21)
    at requireModule (webpack-internal:///(app-pages-browser)/./node_modules/next/dist/compiled/react-server-dom-webpack/cjs/react-server-dom-webpack-client.browser.development.js:198:23)
    at initializeModuleChunk (webpack-internal:///(app-pages-browser)/./node_modules/next/dist/compiled/react-server-dom-webpack/cjs/react-server-dom-webpack-client.browser.development.js:1370:17)
    at readChunk (webpack-internal:///(app-pages-browser)/./node_modules/next/dist/compiled/react-server-dom-webpack/cjs/react-server-dom-webpack-client.browser.development.js:1180:7)
    at mountLazyComponent (webpack-internal:///(app-pages-browser)/./node_modules/next/dist/compiled/react-dom/cjs/react-dom.development.js:16750:19)
    at beginWork$1 (webpack-internal:///(app-pages-browser)/./node_modules/next/dist/compiled/react-dom/cjs/react-dom.development.js:18464:16)
    at beginWork (webpack-internal:///(app-pages-browser)/./node_modules/next/dist/compiled/react-dom/cjs/react-dom.development.js:26927:14)
    at performUnitOfWork (webpack-internal:///(app-pages-browser)/./node_modules/next/dist/compiled/react-dom/cjs/react-dom.development.js:25748:12)
    at workLoopSync (webpack-internal:///(app-pages-browser)/./node_modules/next/dist/compiled/react-dom/cjs/react-dom.development.js:25464:5)
    at renderRootSync (webpack-internal:///(app-pages-browser)/./node_modules/next/dist/compiled/react-dom/cjs/react-dom.development.js:25419:7)
    at performConcurrentWorkOnRoot (webpack-internal:///(app-pages-browser)/./node_modules/next/dist/compiled/react-dom/cjs/react-dom.development.js:24504:74)
    at workLoop (webpack-internal:///(app-pages-browser)/./node_modules/next/dist/compiled/scheduler/cjs/scheduler.development.js:256:34)
    at flushWork (webpack-internal:///(app-pages-browser)/./node_modules/next/dist/compiled/scheduler/cjs/scheduler.development.js:225:14)
    at MessagePort.performWorkUntilDeadline (webpack-internal:///(app-pages-browser)/./node_modules/next/dist/compiled/scheduler/cjs/scheduler.development.js:534:21)
[     367ms] [ERROR] The above error occurred in the <NotFoundErrorBoundary> component:

    at Lazy
    at InnerLayoutRouter (webpack-internal:///(app-pages-browser)/./node_modules/next/dist/client/components/layout-router.js:243:11)
    at RedirectErrorBoundary (webpack-internal:///(app-pages-browser)/./node_modules/next/dist/client/components/redirect-boundary.js:74:9)
    at RedirectBoundary (webpack-internal:///(app-pages-browser)/./node_modules/next/dist/client/components/redirect-boundary.js:82:11)
    at NotFoundBoundary (webpack-internal:///(app-pages-browser)/./node_modules/next/dist/client/components/not-found-boundary.js:84:11)
    at LoadingBoundary (webpack-internal:///(app-pages-browser)/./node_modules/next/dist/client/components/layout-router.js:349:11)
    at ErrorBoundary (webpack-internal:///(app-pages-browser)/./node_modules/next/dist/client/components/error-boundary.js:160:11)
    at InnerScrollAndFocusHandler (webpack-internal:///(app-pages-browser)/./node_modules/next/dist/client/components/layout-router.js:153:9)
    at ScrollAndFocusHandler (webpack-internal:///(app-pages-browser)/./node_modules/next/dist/client/components/layout-router.js:228:11)
    at RenderFromTemplateContext (webpack-internal:///(app-pages-browser)/./node_modules/next/dist/client/components/render-from-template-context.js:16:44)
    at OuterLayoutRouter (webpack-internal:///(app-pages-browser)/./node_modules/next/dist/client/components/layout-router.js:370:11)
    at main
    at div
    at AdminLayout (Server)
    at InnerLayoutRouter (webpack-internal:///(app-pages-browser)/./node_modules/next/dist/client/components/layout-router.js:243:11)
    at RedirectErrorBoundary (webpack-internal:///(app-pages-browser)/./node_modules/next/dist/client/components/redirect-boundary.js:74:9)
    at RedirectBoundary (webpack-internal:///(app-pages-browser)/./node_modules/next/dist/client/components/redirect-boundary.js:82:11)
    at NotFoundErrorBoundary (webpack-internal:///(app-pages-browser)/./node_modules/next/dist/client/components/not-found-boundary.js:76:9)
    at NotFoundBoundary (webpack-internal:///(app-pages-browser)/./node_modules/next/dist/client/components/not-found-boundary.js:84:11)
    at LoadingBoundary (webpack-internal:///(app-pages-browser)/./node_modules/next/dist/client/components/layout-router.js:349:11)
    at ErrorBoundary (webpack-internal:///(app-pages-browser)/./node_modules/next/dist/client/components/error-boundary.js:160:11)
    at InnerScrollAndFocusHandler (webpack-internal:///(app-pages-browser)/./node_modules/next/dist/client/components/layout-router.js:153:9)
    at ScrollAndFocusHandler (webpack-internal:///(app-pages-browser)/./node_modules/next/dist/client/components/layout-router.js:228:11)
    at RenderFromTemplateContext (webpack-internal:///(app-pages-browser)/./node_modules/next/dist/client/components/render-from-template-context.js:16:44)
    at OuterLayoutRouter (webpack-internal:///(app-pages-browser)/./node_modules/next/dist/client/components/layout-router.js:370:11)
    at body
    at html
    at RootLayout (Server)
    at RedirectErrorBoundary (webpack-internal:///(app-pages-browser)/./node_modules/next/dist/client/components/redirect-boundary.js:74:9)
    at RedirectBoundary (webpack-internal:///(app-pages-browser)/./node_modules/next/dist/client/components/redirect-boundary.js:82:11)
    at NotFoundErrorBoundary (webpack-internal:///(app-pages-browser)/./node_modules/next/dist/client/components/not-found-boundary.js:76:9)
    at NotFoundBoundary (webpack-internal:///(app-pages-browser)/./node_modules/next/dist/client/components/not-found-boundary.js:84:11)
    at DevRootNotFoundBoundary (webpack-internal:///(app-pages-browser)/./node_modules/next/dist/client/components/dev-root-not-found-boundary.js:33:11)
    at ReactDevOverlay (webpack-internal:///(app-pages-browser)/./node_modules/next/dist/client/components/react-dev-overlay/app/ReactDevOverlay.js:87:9)
    at HotReload (webpack-internal:///(app-pages-browser)/./node_modules/next/dist/client/components/react-dev-overlay/app/hot-reloader-client.js:321:11)
    at Router (webpack-internal:///(app-pages-browser)/./node_modules/next/dist/client/components/app-router.js:207:11)
    at ErrorBoundaryHandler (webpack-internal:///(app-pages-browser)/./node_modules/next/dist/client/components/error-boundary.js:113:9)
    at ErrorBoundary (webpack-internal:///(app-pages-browser)/./node_modules/next/dist/client/components/error-boundary.js:160:11)
    at AppRouter (webpack-internal:///(app-pages-browser)/./node_modules/next/dist/client/components/app-router.js:585:13)
    at ServerRoot (webpack-internal:///(app-pages-browser)/./node_modules/next/dist/client/app-index.js:112:27)
    at Root (webpack-internal:///(app-pages-browser)/./node_modules/next/dist/client/app-index.js:117:11)
    at ReactDevOverlay (webpack-internal:///(app-pages-browser)/./node_modules/next/dist/client/components/react-dev-overlay/app/ReactDevOverlay.js:87:9)

React will try to recreate this component tree from scratch using the error boundary you provided, ReactDevOverlay. @ webpack-internal:///(app-pages-browser)/./node_modules/next/dist/client/app-index.js:32
[   39977ms] [LOG] [Fast Refresh] rebuilding @ webpack-internal:///(app-pages-browser)/./node_modules/next/dist/client/components/react-dev-overlay/app/hot-reloader-client.js:186
[   40130ms] [WARNING] [Fast Refresh] performing full reload because your application had an unrecoverable error @ webpack-internal:///(app-pages-browser)/./node_modules/next/dist/client/components/react-dev-overlay/app/hot-reloader-client.js:114
[   40695ms] [INFO] %cDownload the React DevTools for a better development experience: https://reactjs.org/link/react-devtools font-weight:bold @ webpack-internal:///(app-pages-browser)/./node_modules/next/dist/compiled/react-dom/cjs/react-dom.development.js:38559
