[     777ms] [ERROR] Failed to load resource: the server responded with a status of 500 (Internal Server Error) @ http://localhost:5005/admin:0
[     912ms] [INFO] %cDownload the React DevTools for a better development experience: https://reactjs.org/link/react-devtools font-weight:bold @ webpack-internal:///./node_modules/react-dom/cjs/react-dom.development.js:29889
[     936ms] Error: Cannot find module './2377.js'
Require stack:
- /Users/adrienbeyondcrypto/Desktop/Prese Hub/.next/server/webpack-runtime.js
- /Users/adrienbeyondcrypto/Desktop/Prese Hub/.next/server/app/admin/hearst/page.js
- /Users/adrienbeyondcrypto/Desktop/Prese Hub/node_modules/next/dist/server/require.js
- /Users/adrienbeyondcrypto/Desktop/Prese Hub/node_modules/next/dist/server/load-components.js
- /Users/adrienbeyondcrypto/Desktop/Prese Hub/node_modules/next/dist/build/utils.js
- /Users/adrienbeyondcrypto/Desktop/Prese Hub/node_modules/next/dist/server/dev/hot-middleware.js
- /Users/adrienbeyondcrypto/Desktop/Prese Hub/node_modules/next/dist/server/dev/hot-reloader-webpack.js
- /Users/adrienbeyondcrypto/Desktop/Prese Hub/node_modules/next/dist/server/lib/router-utils/setup-dev-bundler.js
- /Users/adrienbeyondcrypto/Desktop/Prese Hub/node_modules/next/dist/server/lib/router-server.js
- /Users/adrienbeyondcrypto/Desktop/Prese Hub/node_modules/next/dist/server/lib/start-server.js
    at Function.<anonymous> (node:internal/modules/cjs/loader:1383:15)
    at <unknown> (file:///Users/adrienbeyondcrypto/Desktop/Prese Hub/node_modules/next/dist/server/require-hook.js:55:36)
    at defaultResolveImpl (node:internal/modules/cjs/loader:1025:19)
    at resolveForCJSWithHooks (node:internal/modules/cjs/loader:1030:22)
    at Function._load (node:internal/modules/cjs/loader:1192:37)
    at TracingChannel.traceSync (node:diagnostics_channel:328:14)
    at wrapModuleLoad (node:internal/modules/cjs/loader:237:24)
    at Module.<anonymous> (node:internal/modules/cjs/loader:1463:12)
    at mod.require (file:///Users/adrienbeyondcrypto/Desktop/Prese Hub/node_modules/next/dist/server/require-hook.js:65:28)
    at require (node:internal/modules/helpers:147:16)
    at __webpack_require__.f.require (file:///Users/adrienbeyondcrypto/Desktop/Prese Hub/.next/server/webpack-runtime.js:203:28)
    at <unknown> (file:///Users/adrienbeyondcrypto/Desktop/Prese Hub/.next/server/webpack-runtime.js:116:40)
    at Array.reduce (<anonymous>)
    at __webpack_require__.e (file:///Users/adrienbeyondcrypto/Desktop/Prese Hub/.next/server/webpack-runtime.js:115:67)
    at Array.map (<anonymous>)
    at __webpack_require__.X (file:///Users/adrienbeyondcrypto/Desktop/Prese Hub/.next/server/webpack-runtime.js:167:22)
    at <unknown> (file:///Users/adrienbeyondcrypto/Desktop/Prese Hub/.next/server/app/admin/page.js:1:21458)
    at Object.<anonymous> (file:///Users/adrienbeyondcrypto/Desktop/Prese Hub/.next/server/app/admin/page.js:1:21526)
    at Module._compile (node:internal/modules/cjs/loader:1705:14)
    at Object..js (node:internal/modules/cjs/loader:1838:10)
    at Module.load (node:internal/modules/cjs/loader:1441:32)
    at Function._load (node:internal/modules/cjs/loader:1263:12)
    at TracingChannel.traceSync (node:diagnostics_channel:328:14)
    at wrapModuleLoad (node:internal/modules/cjs/loader:237:24)
    at Module.<anonymous> (node:internal/modules/cjs/loader:1463:12)
    at mod.require (file:///Users/adrienbeyondcrypto/Desktop/Prese Hub/node_modules/next/dist/server/require-hook.js:65:28)
    at require (node:internal/modules/helpers:147:16)
    at requirePage (file:///Users/adrienbeyondcrypto/Desktop/Prese Hub/node_modules/next/dist/server/require.js:109:84)
    at <unknown> (file:///Users/adrienbeyondcrypto/Desktop/Prese Hub/node_modules/next/dist/server/load-components.js:98:84)
    at async loadComponentsImpl (file:///Users/adrienbeyondcrypto/Desktop/Prese Hub/node_modules/next/dist/server/load-components.js:98:26)
    at async DevServer.findPageComponentsImpl (file:///Users/adrienbeyondcrypto/Desktop/Prese Hub/node_modules/next/dist/server/next-server.js:710:36)
    at async DevServer.findPageComponents (file:///Users/adrienbeyondcrypto/Desktop/Prese Hub/node_modules/next/dist/server/dev/next-dev-server.js:577:20)
    at async DevServer.renderPageComponent (file:///Users/adrienbeyondcrypto/Desktop/Prese Hub/node_modules/next/dist/server/base-server.js:1917:24)
    at async DevServer.renderToResponseImpl (file:///Users/adrienbeyondcrypto/Desktop/Prese Hub/node_modules/next/dist/server/base-server.js:1969:32)
    at async DevServer.pipeImpl (file:///Users/adrienbeyondcrypto/Desktop/Prese Hub/node_modules/next/dist/server/base-server.js:920:25)
    at async NextNodeServer.handleCatchallRenderRequest (file:///Users/adrienbeyondcrypto/Desktop/Prese Hub/node_modules/next/dist/server/next-server.js:272:17)
    at async DevServer.handleRequestImpl (file:///Users/adrienbeyondcrypto/Desktop/Prese Hub/node_modules/next/dist/server/base-server.js:816:17)
    at async (file:///Users/adrienbeyondcrypto/Desktop/Prese Hub/node_modules/next/dist/server/dev/next-dev-server.js:339:20)
    at async Span.traceAsyncFn (file:///Users/adrienbeyondcrypto/Desktop/Prese Hub/node_modules/next/dist/trace/trace.js:154:20)
    at async DevServer.handleRequest (file:///Users/adrienbeyondcrypto/Desktop/Prese Hub/node_modules/next/dist/server/dev/next-dev-server.js:336:24)
    at async invokeRender (file:///Users/adrienbeyondcrypto/Desktop/Prese Hub/node_modules/next/dist/server/lib/router-server.js:174:21)
    at async handleRequest (file:///Users/adrienbeyondcrypto/Desktop/Prese Hub/node_modules/next/dist/server/lib/router-server.js:353:24)
    at async requestHandlerImpl (file:///Users/adrienbeyondcrypto/Desktop/Prese Hub/node_modules/next/dist/server/lib/router-server.js:377:13)
    at async Server.requestListener (file:///Users/adrienbeyondcrypto/Desktop/Prese Hub/node_modules/next/dist/server/lib/start-server.js:141:13)
[     934ms] [LOG] [HMR] connected @ webpack-internal:///./node_modules/next/dist/client/components/react-dev-overlay/pages/websocket.js:45
[     939ms] [ERROR] Failed to load resource: the server responded with a status of 404 (Not Found) @ http://localhost:5005/favicon.ico:0
[   84802ms] [LOG] [HMR] connected @ webpack-internal:///./node_modules/next/dist/client/components/react-dev-overlay/pages/websocket.js:45
[   84814ms] [LOG] [Fast Refresh] rebuilding @ webpack-internal:///./node_modules/next/dist/client/components/react-dev-overlay/pages/hot-reloader-client.js:221
[   86356ms] [LOG] [Fast Refresh] rebuilding @ webpack-internal:///./node_modules/next/dist/client/components/react-dev-overlay/pages/hot-reloader-client.js:221
[   87250ms] [ERROR] Failed to load resource: the server responded with a status of 404 (Not Found) @ http://localhost:5005/_next/static/webpack/1300961fdb02562f.webpack.hot-update.json:0
[   87250ms] [WARNING] [Fast Refresh] performing full reload because your application had an unrecoverable error @ webpack-internal:///./node_modules/next/dist/client/components/react-dev-overlay/pages/hot-reloader-client.js:349
[   87674ms] [LOG] [Fast Refresh] rebuilding @ webpack-internal:///./node_modules/next/dist/client/components/react-dev-overlay/pages/hot-reloader-client.js:221
[   88105ms] [ERROR] Failed to load resource: the server responded with a status of 404 (Not Found) @ http://localhost:5005/_next/static/webpack/1300961fdb02562f.webpack.hot-update.json:0
[   88105ms] [WARNING] [Fast Refresh] performing full reload because your application had an unrecoverable error @ webpack-internal:///./node_modules/next/dist/client/components/react-dev-overlay/pages/hot-reloader-client.js:349
[   89220ms] [INFO] %cDownload the React DevTools for a better development experience: https://reactjs.org/link/react-devtools font-weight:bold @ webpack-internal:///(app-pages-browser)/./node_modules/next/dist/compiled/react-dom/cjs/react-dom.development.js:38559
